// Jest Snapshot v1, https://goo.gl/fbAQLP

exports[`Initial renders 1`] = `null`;
