// Jest Snapshot v1, https://goo.gl/fbAQLP

exports[`Passreset renders 1`] = `
<View
  style={
    Object {
      "flex": 1,
    }
  }
>
  <View
    style={
      Object {
        "alignItems": "center",
        "flex": 2,
        "justifyContent": "center",
      }
    }
  >
    <Image
      source={1}
      style={
        Object {
          "height": 150,
          "width": 150,
        }
      }
    />
  </View>
  <View
    style={
      Object {
        "alignItems": "center",
        "flex": 5,
        "justifyContent": "center",
      }
    }
  >
    <Text
      style={
        Object {
          "alignItems": "center",
          "color": "black",
          "fontSize": 40,
          "marginBottom": 40,
        }
      }
    >
      Reset Password
    </Text>
    <TextInput
      allowFontScaling={true}
      autoCapitalize="none"
      onChangeText={[Function]}
      placeholder="New Password"
      placeholderTextColor="#8BB8CE"
      rejectResponderTermination={true}
      style={
        Object {
          "alignItems": "center",
          "backgroundColor": "#013A73",
          "borderRadius": 20,
          "color": "white",
          "fontSize": 20,
          "height": 113.39000000000001,
          "justifyContent": "center",
          "margin": 5,
          "width": "70%",
        }
      }
      textAlign="center"
      underlineColorAndroid="transparent"
    />
    <TextInput
      allowFontScaling={true}
      autoCapitalize="none"
      onChangeText={[Function]}
      placeholder="Re-type Password"
      placeholderTextColor="#8BB8CE"
      rejectResponderTermination={true}
      style={
        Object {
          "alignItems": "center",
          "backgroundColor": "#013A73",
          "borderRadius": 20,
          "color": "white",
          "fontSize": 20,
          "height": 113.39000000000001,
          "justifyContent": "center",
          "margin": 5,
          "width": "70%",
        }
      }
      textAlign="center"
      underlineColorAndroid="transparent"
    />
    <View
      accessible={true}
      focusable={true}
      onClick={[Function]}
      onResponderGrant={[Function]}
      onResponderMove={[Function]}
      onResponderRelease={[Function]}
      onResponderTerminate={[Function]}
      onResponderTerminationRequest={[Function]}
      onStartShouldSetResponder={[Function]}
      style={
        Object {
          "alignItems": "center",
          "backgroundColor": "#0466C8",
          "borderRadius": 20,
          "height": 93.38000000000001,
          "justifyContent": "center",
          "left": 30,
          "opacity": 1,
          "position": "absolute",
          "top": 747.0400000000001,
          "width": "40%",
        }
      }
    >
      <Text>
        Reset Password
      </Text>
    </View>
  </View>
</View>
`;
